Build profile: -w ghc-9.4.7 -O1
In order, the following will be built (use -v for more details):
 - sgrt-radar-system-0.1.0.0 (lib) (file cbits/src/ring_buffer.cpp changed)
 - sgrt-radar-system-0.1.0.0 (test:sgrt-radar-system-test) (dependency rebuilt)
Preprocessing library for sgrt-radar-system-0.1.0.0..
Building library for sgrt-radar-system-0.1.0.0..
Preprocessing test suite 'sgrt-radar-system-test' for sgrt-radar-system-0.1.0.0..
Building test suite 'sgrt-radar-system-test' for sgrt-radar-system-0.1.0.0..

<no location info>: warning: [-Wmissing-home-modules]
    These modules are needed for compilation but not listed in your .cabal file's other-modules for ‘main’ :
        SignalProcessing.FMCWSpec
[1 of 7] Compiling FFI.RingBuffer.IOSpec ( test/FFI/RingBuffer/IOSpec.hs, /app/dist-newstyle/build/x86_64-linux/ghc-9.4.7/sgrt-radar-system-0.1.0.0/t/sgrt-radar-system-test/build/sgrt-radar-system-test/sgrt-radar-system-test-tmp/FFI/RingBuffer/IOSpec.o ) [Source file changed]

test/FFI/RingBuffer/IOSpec.hs:54:11: warning: [-Wname-shadowing]
    This binding for ‘bufferSize’ shadows the existing binding
      imported from ‘FFI.RingBuffer.Types’ at test/FFI/RingBuffer/IOSpec.hs:8:1-27
   |
54 |       let bufferSize = 4096
   |           ^^^^^^^^^^
[7 of 7] Compiling Main             ( test/Spec.hs, /app/dist-newstyle/build/x86_64-linux/ghc-9.4.7/sgrt-radar-system-0.1.0.0/t/sgrt-radar-system-test/build/sgrt-radar-system-test/sgrt-radar-system-test-tmp/Main.o ) [FFI.RingBuffer.IOSpec changed]

test/Spec.hs:19:9: warning: [-Wtype-defaults]
    • Defaulting the type variable ‘a0’ to type ‘Integer’ in the following constraints
        (Show a0) arising from a use of ‘shouldBe’ at test/Spec.hs:19:9-18
        (Eq a0) arising from a use of ‘shouldBe’ at test/Spec.hs:19:9-18
        (Num a0) arising from the literal ‘1’ at test/Spec.hs:19:7
    • In a stmt of a 'do' block: 1 `shouldBe` 1
      In the second argument of ‘($)’, namely ‘do 1 `shouldBe` 1’
      In a stmt of a 'do' block:
        it "parses a known binary correctly" $ do 1 `shouldBe` 1
   |
19 |       1 `shouldBe` 1
   |         ^^^^^^^^^^

test/Spec.hs:24:9: warning: [-Wtype-defaults]
    • Defaulting the type variable ‘a0’ to type ‘Integer’ in the following constraints
        (Show a0) arising from a use of ‘shouldBe’ at test/Spec.hs:24:9-18
        (Eq a0) arising from a use of ‘shouldBe’ at test/Spec.hs:24:9-18
        (Num a0) arising from the literal ‘1’ at test/Spec.hs:24:7
    • In a stmt of a 'do' block: 1 `shouldBe` 1
      In the second argument of ‘($)’, namely ‘do 1 `shouldBe` 1’
      In a stmt of a 'do' block:
        it "keeps beam off when target is out of range" $ do 1 `shouldBe` 1
   |
24 |       1 `shouldBe` 1
   |         ^^^^^^^^^^

<no location info>: warning: [-Wmissing-home-modules]
    These modules are needed for compilation but not listed in your .cabal file's other-modules for ‘main’ :
        SignalProcessing.FMCWSpec
[8 of 8] Linking /app/dist-newstyle/build/x86_64-linux/ghc-9.4.7/sgrt-radar-system-0.1.0.0/t/sgrt-radar-system-test/build/sgrt-radar-system-test/sgrt-radar-system-test [Objects changed]
Running 1 test suites...
Test suite sgrt-radar-system-test: RUNNING...
Test suite sgrt-radar-system-test: PASS
Test suite logged to:
/app/dist-newstyle/build/x86_64-linux/ghc-9.4.7/sgrt-radar-system-0.1.0.0/t/sgrt-radar-system-test/test/sgrt-radar-system-0.1.0.0-sgrt-radar-system-test.log
1 of 1 test suites (1 of 1 test cases) passed.
