==12924== Memcheck, a memory error detector
==12924== Copyright (C) 2002-2022, and GNU GPL'd, by Julian Seward et al.
==12924== Using Valgrind-3.22.0 and LibVEX; rerun with -h for copyright info
==12924== Command: /app/dist-newstyle/build/x86_64-linux/ghc-9.4.7/sgrt-radar-system-0.1.0.0/t/sgrt-radar-system-test/build/sgrt-radar-system-test/sgrt-radar-system-test
==12924==
==12924== Warning: set address range perms: large range [0x4200000000, 0x14200100000) (noaccess)

Bi-Quadratic Regression
  solves a known quartic curve correctly [✔]
  Strict Bi-Quadratic forces odd coefficients to zero (implicit) [✔]
Design Matrix
  creates correct dimensions [✔]
SignalProcessing.FMCW
  Range Resolution (Equation 1 & Resolution Limit)
    calculates correct resolution for 4GHz bandwidth [✔]
    calculates beat frequency correctly [✔]
  Chirp Z-Transform (Equation 2)
    identifies a pure tone correctly within the zoom window [✔]
  Phase Displacement (Equation 5)
    calculates displacement from phase change correctly [✔]
    verifies the constant factor relationship [✔]
RingBufferControl Storable instance
  has sizeOf 64 [✔]
  has alignment 64 [✔]
  matches ABI expectations (QuickCheck) [✔]
    +++ OK, passed 100 tests.
FFI.RingBuffer.IO
  createRingBuffer returns a valid pointer [✔]
  ingestionLoop reads data from pipe into ring buffer [✔]
  handles high-throughput ingestion without data loss (1M items) [✔]
Point Storable Instance
  roundtrips through memory [✔]
    +++ OK, passed 100 tests.
Parser Logic
  Finds Magic Word and parses Frame [✔]
  Handles partial frames correctly (does not consume) [✔]
Parser
  parses a known binary correctly [✔]
Gating
  keeps beam off when target is out of range [✔]

Finished in 8.1674 seconds
19 examples, 0 failures
==12924==
==12924== HEAP SUMMARY:
==12924==     in use at exit: 10,486,340 bytes in 13 blocks
==12924==   total heap usage: 270 allocs, 257 frees, 11,020,177 bytes allocated
==12924==
==12924== LEAK SUMMARY:
==12924==    definitely lost: 0 bytes in 0 blocks
==12924==    indirectly lost: 0 bytes in 0 blocks
==12924==      possibly lost: 0 bytes in 0 blocks
==12924==    still reachable: 10,486,340 bytes in 13 blocks
==12924==         suppressed: 0 bytes in 0 blocks
==12924== Reachable blocks (those to which a pointer was found) are not shown.
==12924== To see them, rerun with: --leak-check=full --show-leak-kinds=all
==12924==
==12924== For lists of detected and suppressed errors, rerun with: -s
==12924== ERROR SUMMARY: 0 errors from 0 contexts (suppressed: 0 from 0)
